--- 2026-07-04 22:54:48 ---
5: eth3: <BROADCAST,MULTICAST,UP,LOWER_UP> mtu 1500 qdisc mq state UP mode DEFAULT group default qlen 1000
    link/ether 50:3e:aa:23:7a:02 brd ff:ff:ff:ff:ff:ff
    RX:  bytes packets errors dropped  missed   mcast           
      86163082   76416      0       0       0       0 
    TX:  bytes packets errors dropped carrier collsns           
        754125   13396      0      12       0       0 
--- 2026-07-04 22:54:49 ---
5: eth3: <BROADCAST,MULTICAST,UP,LOWER_UP> mtu 1500 qdisc mq state UP mode DEFAULT group default qlen 1000
    link/ether 50:3e:aa:23:7a:02 brd ff:ff:ff:ff:ff:ff
    RX:  bytes packets errors dropped  missed   mcast           
      86163767   76421      0       0       0       0 
    TX:  bytes packets errors dropped carrier collsns           
        754125   13396      0      12       0       0 
--- 2026-07-04 22:54:50 ---
5: eth3: <BROADCAST,MULTICAST,UP,LOWER_UP> mtu 1500 qdisc mq state UP mode DEFAULT group default qlen 1000
    link/ether 50:3e:aa:23:7a:02 brd ff:ff:ff:ff:ff:ff
    RX:  bytes packets errors dropped  missed   mcast           
      86164135   76425      0       0       0       0 
    TX:  bytes packets errors dropped carrier collsns           
        754417   13400      0      12       0       0 
--- 2026-07-04 22:54:53 ---
5: eth3: <BROADCAST,MULTICAST,UP,LOWER_UP> mtu 1500 qdisc mq state UP mode DEFAULT group default qlen 1000
    link/ether 50:3e:aa:23:7a:02 brd ff:ff:ff:ff:ff:ff
    RX:  bytes packets errors dropped  missed   mcast           
      86164703   76431      0       0       0       0 
    TX:  bytes packets errors dropped carrier collsns           
        754558   13403      0      12       0       0 
--- 2026-07-04 22:54:54 ---
5: eth3: <BROADCAST,MULTICAST,UP,LOWER_UP> mtu 1500 qdisc mq state UP mode DEFAULT group default qlen 1000
    link/ether 50:3e:aa:23:7a:02 brd ff:ff:ff:ff:ff:ff
    RX:  bytes packets errors dropped  missed   mcast           
      86165117   76436      0       0       0       0 
    TX:  bytes packets errors dropped carrier collsns           
        754900   13408      0      12       0       0 
--- 2026-07-04 22:54:55 ---
5: eth3: <BROADCAST,MULTICAST,UP,LOWER_UP> mtu 1500 qdisc mq state UP mode DEFAULT group default qlen 1000
    link/ether 50:3e:aa:23:7a:02 brd ff:ff:ff:ff:ff:ff
    RX:  bytes packets errors dropped  missed   mcast           
      86165163   76437      0       0       0       0 
    TX:  bytes packets errors dropped carrier collsns           
        754950   13409      0      12       0       0 
--- 2026-07-04 22:54:56 ---
5: eth3: <BROADCAST,MULTICAST,UP,LOWER_UP> mtu 1500 qdisc mq state UP mode DEFAULT group default qlen 1000
    link/ether 50:3e:aa:23:7a:02 brd ff:ff:ff:ff:ff:ff
    RX:  bytes packets errors dropped  missed   mcast           
      86165209   76438      0       0       0       0 
    TX:  bytes packets errors dropped carrier collsns           
        755000   13410      0      12       0       0 
--- 2026-07-04 22:54:57 ---
5: eth3: <BROADCAST,MULTICAST,UP,LOWER_UP> mtu 1500 qdisc mq state UP mode DEFAULT group default qlen 1000
    link/ether 50:3e:aa:23:7a:02 brd ff:ff:ff:ff:ff:ff
    RX:  bytes packets errors dropped  missed   mcast           
      86165572   76440      0       0       0       0 
    TX:  bytes packets errors dropped carrier collsns           
        755050   13411      0      12       0       0 
--- 2026-07-04 22:54:58 ---
5: eth3: <BROADCAST,MULTICAST,UP,LOWER_UP> mtu 1500 qdisc mq state UP mode DEFAULT group default qlen 1000
    link/ether 50:3e:aa:23:7a:02 brd ff:ff:ff:ff:ff:ff
    RX:  bytes packets errors dropped  missed   mcast           
      86165618   76441      0       0       0       0 
    TX:  bytes packets errors dropped carrier collsns           
        755100   13412      0      12       0       0 
--- 2026-07-04 22:54:59 ---
5: eth3: <BROADCAST,MULTICAST,UP,LOWER_UP> mtu 1500 qdisc mq state UP mode DEFAULT group default qlen 1000
    link/ether 50:3e:aa:23:7a:02 brd ff:ff:ff:ff:ff:ff
    RX:  bytes packets errors dropped  missed   mcast           
      86165664   76442      0       0       0       0 
    TX:  bytes packets errors dropped carrier collsns           
        755150   13413      0      12       0       0 
--- 2026-07-04 22:55:00 ---
5: eth3: <BROADCAST,MULTICAST,UP,LOWER_UP> mtu 1500 qdisc mq state UP mode DEFAULT group default qlen 1000
    link/ether 50:3e:aa:23:7a:02 brd ff:ff:ff:ff:ff:ff
    RX:  bytes packets errors dropped  missed   mcast           
      86165710   76443      0       0       0       0 
    TX:  bytes packets errors dropped carrier collsns           
        755200   13414      0      12       0       0 
--- 2026-07-04 22:55:01 ---
5: eth3: <BROADCAST,MULTICAST,UP,LOWER_UP> mtu 1500 qdisc mq state UP mode DEFAULT group default qlen 1000
    link/ether 50:3e:aa:23:7a:02 brd ff:ff:ff:ff:ff:ff
    RX:  bytes packets errors dropped  missed   mcast           
      86165756   76444      0       0       0       0 
    TX:  bytes packets errors dropped carrier collsns           
        755250   13415      0      12       0       0 
--- 2026-07-04 22:55:02 ---
5: eth3: <BROADCAST,MULTICAST,UP,LOWER_UP> mtu 1500 qdisc mq state UP mode DEFAULT group default qlen 1000
    link/ether 50:3e:aa:23:7a:02 brd ff:ff:ff:ff:ff:ff
    RX:  bytes packets errors dropped  missed   mcast           
      86165802   76445      0       0       0       0 
    TX:  bytes packets errors dropped carrier collsns           
        755300   13416      0      12       0       0 
--- 2026-07-04 22:55:03 ---
5: eth3: <BROADCAST,MULTICAST,UP,LOWER_UP> mtu 1500 qdisc mq state UP mode DEFAULT group default qlen 1000
    link/ether 50:3e:aa:23:7a:02 brd ff:ff:ff:ff:ff:ff
    RX:  bytes packets errors dropped  missed   mcast           
      86165802   76445      0       0       0       0 
    TX:  bytes packets errors dropped carrier collsns           
        755350   13417      0      12       0       0 
--- 2026-07-04 22:55:04 ---
5: eth3: <BROADCAST,MULTICAST,UP,LOWER_UP> mtu 1500 qdisc mq state UP mode DEFAULT group default qlen 1000
    link/ether 50:3e:aa:23:7a:02 brd ff:ff:ff:ff:ff:ff
    RX:  bytes packets errors dropped  missed   mcast           
      86166165   76447      0       0       0       0 
    TX:  bytes packets errors dropped carrier collsns           
        755400   13418      0      12       0       0 
--- 2026-07-04 22:55:05 ---
5: eth3: <BROADCAST,MULTICAST,UP,LOWER_UP> mtu 1500 qdisc mq state UP mode DEFAULT group default qlen 1000
    link/ether 50:3e:aa:23:7a:02 brd ff:ff:ff:ff:ff:ff
    RX:  bytes packets errors dropped  missed   mcast           
      86166211   76448      0       0       0       0 
    TX:  bytes packets errors dropped carrier collsns           
        755400   13418      0      12       0       0 
--- 2026-07-04 22:55:06 ---
5: eth3: <BROADCAST,MULTICAST,UP,LOWER_UP> mtu 1500 qdisc mq state UP mode DEFAULT group default qlen 1000
    link/ether 50:3e:aa:23:7a:02 brd ff:ff:ff:ff:ff:ff
    RX:  bytes packets errors dropped  missed   mcast           
      86166257   76449      0       0       0       0 
    TX:  bytes packets errors dropped carrier collsns           
        755450   13419      0      12       0       0 
--- 2026-07-04 22:55:07 ---
5: eth3: <BROADCAST,MULTICAST,UP,LOWER_UP> mtu 1500 qdisc mq state UP mode DEFAULT group default qlen 1000
    link/ether 50:3e:aa:23:7a:02 brd ff:ff:ff:ff:ff:ff
    RX:  bytes packets errors dropped  missed   mcast           
      86166303   76450      0       0       0       0 
    TX:  bytes packets errors dropped carrier collsns           
        755500   13420      0      12       0       0 
--- 2026-07-04 22:55:08 ---
5: eth3: <BROADCAST,MULTICAST,UP,LOWER_UP> mtu 1500 qdisc mq state UP mode DEFAULT group default qlen 1000
    link/ether 50:3e:aa:23:7a:02 brd ff:ff:ff:ff:ff:ff
    RX:  bytes packets errors dropped  missed   mcast           
      86166349   76451      0       0       0       0 
    TX:  bytes packets errors dropped carrier collsns           
        755550   13421      0      12       0       0 
--- 2026-07-04 22:55:09 ---
5: eth3: <BROADCAST,MULTICAST,UP,LOWER_UP> mtu 1500 qdisc mq state UP mode DEFAULT group default qlen 1000
    link/ether 50:3e:aa:23:7a:02 brd ff:ff:ff:ff:ff:ff
    RX:  bytes packets errors dropped  missed   mcast           
      86166395   76452      0       0       0       0 
    TX:  bytes packets errors dropped carrier collsns           
        755600   13422      0      12       0       0 
--- 2026-07-04 22:55:10 ---
5: eth3: <BROADCAST,MULTICAST,UP,LOWER_UP> mtu 1500 qdisc mq state UP mode DEFAULT group default qlen 1000
    link/ether 50:3e:aa:23:7a:02 brd ff:ff:ff:ff:ff:ff
    RX:  bytes packets errors dropped  missed   mcast           
      86166441   76453      0       0       0       0 
    TX:  bytes packets errors dropped carrier collsns           
        755650   13423      0      12       0       0 
--- 2026-07-04 22:55:11 ---
5: eth3: <BROADCAST,MULTICAST,UP,LOWER_UP> mtu 1500 qdisc mq state UP mode DEFAULT group default qlen 1000
    link/ether 50:3e:aa:23:7a:02 brd ff:ff:ff:ff:ff:ff
    RX:  bytes packets errors dropped  missed   mcast           
      86166487   76454      0       0       0       0 
    TX:  bytes packets errors dropped carrier collsns           
        755700   13424      0      12       0       0 
--- 2026-07-04 22:55:12 ---
5: eth3: <BROADCAST,MULTICAST,UP,LOWER_UP> mtu 1500 qdisc mq state UP mode DEFAULT group default qlen 1000
    link/ether 50:3e:aa:23:7a:02 brd ff:ff:ff:ff:ff:ff
    RX:  bytes packets errors dropped  missed   mcast           
      86166533   76455      0       0       0       0 
    TX:  bytes packets errors dropped carrier collsns           
        755750   13425      0      12       0       0 
--- 2026-07-04 22:55:13 ---
5: eth3: <BROADCAST,MULTICAST,UP,LOWER_UP> mtu 1500 qdisc mq state UP mode DEFAULT group default qlen 1000
    link/ether 50:3e:aa:23:7a:02 brd ff:ff:ff:ff:ff:ff
    RX:  bytes packets errors dropped  missed   mcast           
      86166579   76456      0       0       0       0 
    TX:  bytes packets errors dropped carrier collsns           
        755800   13426      0      12       0       0 
--- 2026-07-04 22:55:14 ---
5: eth3: <BROADCAST,MULTICAST,UP,LOWER_UP> mtu 1500 qdisc mq state UP mode DEFAULT group default qlen 1000
    link/ether 50:3e:aa:23:7a:02 brd ff:ff:ff:ff:ff:ff
    RX:  bytes packets errors dropped  missed   mcast           
      86166625   76457      0       0       0       0 
    TX:  bytes packets errors dropped carrier collsns           
        755850   13427      0      12       0       0 
--- 2026-07-04 22:55:15 ---
5: eth3: <BROADCAST,MULTICAST,UP,LOWER_UP> mtu 1500 qdisc mq state UP mode DEFAULT group default qlen 1000
    link/ether 50:3e:aa:23:7a:02 brd ff:ff:ff:ff:ff:ff
    RX:  bytes packets errors dropped  missed   mcast           
      86166713   76459      0       0       0       0 
    TX:  bytes packets errors dropped carrier collsns           
        755942   13429      0      12       0       0 
--- 2026-07-04 22:55:16 ---
5: eth3: <BROADCAST,MULTICAST,UP,LOWER_UP> mtu 1500 qdisc mq state UP mode DEFAULT group default qlen 1000
    link/ether 50:3e:aa:23:7a:02 brd ff:ff:ff:ff:ff:ff
    RX:  bytes packets errors dropped  missed   mcast           
      86166759   76460      0       0       0       0 
    TX:  bytes packets errors dropped carrier collsns           
        755992   13430      0      12       0       0 
--- 2026-07-04 22:55:17 ---
5: eth3: <BROADCAST,MULTICAST,UP,LOWER_UP> mtu 1500 qdisc mq state UP mode DEFAULT group default qlen 1000
    link/ether 50:3e:aa:23:7a:02 brd ff:ff:ff:ff:ff:ff
    RX:  bytes packets errors dropped  missed   mcast           
      86166847   76462      0       0       0       0 
    TX:  bytes packets errors dropped carrier collsns           
        756042   13431      0      12       0       0 
--- 2026-07-04 22:55:18 ---
5: eth3: <BROADCAST,MULTICAST,UP,LOWER_UP> mtu 1500 qdisc mq state UP mode DEFAULT group default qlen 1000
    link/ether 50:3e:aa:23:7a:02 brd ff:ff:ff:ff:ff:ff
    RX:  bytes packets errors dropped  missed   mcast           
      86166893   76463      0       0       0       0 
    TX:  bytes packets errors dropped carrier collsns           
        756092   13432      0      12       0       0 
--- 2026-07-04 22:55:19 ---
5: eth3: <BROADCAST,MULTICAST,UP,LOWER_UP> mtu 1500 qdisc mq state UP mode DEFAULT group default qlen 1000
    link/ether 50:3e:aa:23:7a:02 brd ff:ff:ff:ff:ff:ff
    RX:  bytes packets errors dropped  missed   mcast           
      86167256   76465      0       0       0       0 
    TX:  bytes packets errors dropped carrier collsns           
        756142   13433      0      12       0       0 
--- 2026-07-04 22:55:20 ---
5: eth3: <BROADCAST,MULTICAST,UP,LOWER_UP> mtu 1500 qdisc mq state UP mode DEFAULT group default qlen 1000
    link/ether 50:3e:aa:23:7a:02 brd ff:ff:ff:ff:ff:ff
    RX:  bytes packets errors dropped  missed   mcast           
      86167302   76466      0       0       0       0 
    TX:  bytes packets errors dropped carrier collsns           
        756192   13434      0      12       0       0 
--- 2026-07-04 22:55:21 ---
5: eth3: <BROADCAST,MULTICAST,UP,LOWER_UP> mtu 1500 qdisc mq state UP mode DEFAULT group default qlen 1000
    link/ether 50:3e:aa:23:7a:02 brd ff:ff:ff:ff:ff:ff
    RX:  bytes packets errors dropped  missed   mcast           
      86167348   76467      0       0       0       0 
    TX:  bytes packets errors dropped carrier collsns           
        756242   13435      0      12       0       0 
--- 2026-07-04 22:55:22 ---
5: eth3: <BROADCAST,MULTICAST,UP,LOWER_UP> mtu 1500 qdisc mq state UP mode DEFAULT group default qlen 1000
    link/ether 50:3e:aa:23:7a:02 brd ff:ff:ff:ff:ff:ff
    RX:  bytes packets errors dropped  missed   mcast           
      86167394   76468      0       0       0       0 
    TX:  bytes packets errors dropped carrier collsns           
        756292   13436      0      12       0       0 
--- 2026-07-04 22:55:23 ---
5: eth3: <BROADCAST,MULTICAST,UP,LOWER_UP> mtu 1500 qdisc mq state UP mode DEFAULT group default qlen 1000
    link/ether 50:3e:aa:23:7a:02 brd ff:ff:ff:ff:ff:ff
    RX:  bytes packets errors dropped  missed   mcast           
      86167440   76469      0       0       0       0 
    TX:  bytes packets errors dropped carrier collsns           
        756342   13437      0      12       0       0 
--- 2026-07-04 22:55:24 ---
5: eth3: <BROADCAST,MULTICAST,UP,LOWER_UP> mtu 1500 qdisc mq state UP mode DEFAULT group default qlen 1000
    link/ether 50:3e:aa:23:7a:02 brd ff:ff:ff:ff:ff:ff
    RX:  bytes packets errors dropped  missed   mcast           
      86167486   76470      0       0       0       0 
    TX:  bytes packets errors dropped carrier collsns           
        756392   13438      0      12       0       0 
--- 2026-07-04 22:55:28 ---
5: eth3: <BROADCAST,MULTICAST,UP,LOWER_UP> mtu 1500 qdisc mq state UP mode DEFAULT group default qlen 1000
    link/ether 50:3e:aa:23:7a:02 brd ff:ff:ff:ff:ff:ff
    RX:  bytes packets errors dropped  missed   mcast           
      86167532   76471      0       0       0       0 
    TX:  bytes packets errors dropped carrier collsns           
        756442   13439      0      12       0       0 
--- 2026-07-04 22:55:29 ---
5: eth3: <BROADCAST,MULTICAST,UP,LOWER_UP> mtu 1500 qdisc mq state UP mode DEFAULT group default qlen 1000
    link/ether 50:3e:aa:23:7a:02 brd ff:ff:ff:ff:ff:ff
    RX:  bytes packets errors dropped  missed   mcast           
      86167578   76472      0       0       0       0 
    TX:  bytes packets errors dropped carrier collsns           
        756492   13440      0      12       0       0 
--- 2026-07-04 22:55:30 ---
5: eth3: <BROADCAST,MULTICAST,UP,LOWER_UP> mtu 1500 qdisc mq state UP mode DEFAULT group default qlen 1000
    link/ether 50:3e:aa:23:7a:02 brd ff:ff:ff:ff:ff:ff
    RX:  bytes packets errors dropped  missed   mcast           
      86167624   76473      0       0       0       0 
    TX:  bytes packets errors dropped carrier collsns           
        756542   13441      0      12       0       0 
--- 2026-07-04 22:55:31 ---
5: eth3: <BROADCAST,MULTICAST,UP,LOWER_UP> mtu 1500 qdisc mq state UP mode DEFAULT group default qlen 1000
    link/ether 50:3e:aa:23:7a:02 brd ff:ff:ff:ff:ff:ff
    RX:  bytes packets errors dropped  missed   mcast           
      86167670   76474      0       0       0       0 
    TX:  bytes packets errors dropped carrier collsns           
        756592   13442      0      12       0       0 
--- 2026-07-04 22:55:32 ---
5: eth3: <BROADCAST,MULTICAST,UP,LOWER_UP> mtu 1500 qdisc mq state UP mode DEFAULT group default qlen 1000
    link/ether 50:3e:aa:23:7a:02 brd ff:ff:ff:ff:ff:ff
    RX:  bytes packets errors dropped  missed   mcast           
      86167716   76475      0       0       0       0 
    TX:  bytes packets errors dropped carrier collsns           
        756642   13443      0      12       0       0 
--- 2026-07-04 22:55:33 ---
5: eth3: <BROADCAST,MULTICAST,UP,LOWER_UP> mtu 1500 qdisc mq state UP mode DEFAULT group default qlen 1000
    link/ether 50:3e:aa:23:7a:02 brd ff:ff:ff:ff:ff:ff
    RX:  bytes packets errors dropped  missed   mcast           
      86167762   76476      0       0       0       0 
    TX:  bytes packets errors dropped carrier collsns           
        756692   13444      0      12       0       0 
--- 2026-07-04 22:55:34 ---
5: eth3: <BROADCAST,MULTICAST,UP,LOWER_UP> mtu 1500 qdisc mq state UP mode DEFAULT group default qlen 1000
    link/ether 50:3e:aa:23:7a:02 brd ff:ff:ff:ff:ff:ff
    RX:  bytes packets errors dropped  missed   mcast           
      86167808   76477      0       0       0       0 
    TX:  bytes packets errors dropped carrier collsns           
        756742   13445      0      12       0       0 
--- 2026-07-04 22:55:35 ---
5: eth3: <BROADCAST,MULTICAST,UP,LOWER_UP> mtu 1500 qdisc mq state UP mode DEFAULT group default qlen 1000
    link/ether 50:3e:aa:23:7a:02 brd ff:ff:ff:ff:ff:ff
    RX:  bytes packets errors dropped  missed   mcast           
      86167854   76478      0       0       0       0 
    TX:  bytes packets errors dropped carrier collsns           
        756792   13446      0      12       0       0 
--- 2026-07-04 22:55:36 ---
5: eth3: <BROADCAST,MULTICAST,UP,LOWER_UP> mtu 1500 qdisc mq state UP mode DEFAULT group default qlen 1000
    link/ether 50:3e:aa:23:7a:02 brd ff:ff:ff:ff:ff:ff
    RX:  bytes packets errors dropped  missed   mcast           
      86167900   76479      0       0       0       0 
    TX:  bytes packets errors dropped carrier collsns           
        756842   13447      0      12       0       0 
--- 2026-07-04 22:55:37 ---
5: eth3: <BROADCAST,MULTICAST,UP,LOWER_UP> mtu 1500 qdisc mq state UP mode DEFAULT group default qlen 1000
    link/ether 50:3e:aa:23:7a:02 brd ff:ff:ff:ff:ff:ff
    RX:  bytes packets errors dropped  missed   mcast           
      86167946   76480      0       0       0       0 
    TX:  bytes packets errors dropped carrier collsns           
        756892   13448      0      12       0       0 
--- 2026-07-04 22:55:38 ---
5: eth3: <BROADCAST,MULTICAST,UP,LOWER_UP> mtu 1500 qdisc mq state UP mode DEFAULT group default qlen 1000
    link/ether 50:3e:aa:23:7a:02 brd ff:ff:ff:ff:ff:ff
    RX:  bytes packets errors dropped  missed   mcast           
      86167992   76481      0       0       0       0 
    TX:  bytes packets errors dropped carrier collsns           
        756942   13449      0      12       0       0 
--- 2026-07-04 22:55:39 ---
5: eth3: <BROADCAST,MULTICAST,UP,LOWER_UP> mtu 1500 qdisc mq state UP mode DEFAULT group default qlen 1000
    link/ether 50:3e:aa:23:7a:02 brd ff:ff:ff:ff:ff:ff
    RX:  bytes packets errors dropped  missed   mcast           
      86168038   76482      0       0       0       0 
    TX:  bytes packets errors dropped carrier collsns           
        756992   13450      0      12       0       0 
--- 2026-07-04 22:55:40 ---
5: eth3: <BROADCAST,MULTICAST,UP,LOWER_UP> mtu 1500 qdisc mq state UP mode DEFAULT group default qlen 1000
    link/ether 50:3e:aa:23:7a:02 brd ff:ff:ff:ff:ff:ff
    RX:  bytes packets errors dropped  missed   mcast           
      86168084   76483      0       0       0       0 
    TX:  bytes packets errors dropped carrier collsns           
        757042   13451      0      12       0       0 
--- 2026-07-04 22:55:41 ---
5: eth3: <BROADCAST,MULTICAST,UP,LOWER_UP> mtu 1500 qdisc mq state UP mode DEFAULT group default qlen 1000
    link/ether 50:3e:aa:23:7a:02 brd ff:ff:ff:ff:ff:ff
    RX:  bytes packets errors dropped  missed   mcast           
      86168130   76484      0       0       0       0 
    TX:  bytes packets errors dropped carrier collsns           
        757092   13452      0      12       0       0 
--- 2026-07-04 22:55:42 ---
5: eth3: <BROADCAST,MULTICAST,UP,LOWER_UP> mtu 1500 qdisc mq state UP mode DEFAULT group default qlen 1000
    link/ether 50:3e:aa:23:7a:02 brd ff:ff:ff:ff:ff:ff
    RX:  bytes packets errors dropped  missed   mcast           
      86168218   76486      0       0       0       0 
    TX:  bytes packets errors dropped carrier collsns           
        757184   13454      0      12       0       0 
--- 2026-07-04 22:55:43 ---
5: eth3: <BROADCAST,MULTICAST,UP,LOWER_UP> mtu 1500 qdisc mq state UP mode DEFAULT group default qlen 1000
    link/ether 50:3e:aa:23:7a:02 brd ff:ff:ff:ff:ff:ff
    RX:  bytes packets errors dropped  missed   mcast           
      86168264   76487      0       0       0       0 
    TX:  bytes packets errors dropped carrier collsns           
        757234   13455      0      12       0       0 
--- 2026-07-04 22:55:44 ---
5: eth3: <BROADCAST,MULTICAST,UP,LOWER_UP> mtu 1500 qdisc mq state UP mode DEFAULT group default qlen 1000
    link/ether 50:3e:aa:23:7a:02 brd ff:ff:ff:ff:ff:ff
    RX:  bytes packets errors dropped  missed   mcast           
      86168310   76488      0       0       0       0 
    TX:  bytes packets errors dropped carrier collsns           
        757284   13456      0      12       0       0 
--- 2026-07-04 22:55:45 ---
5: eth3: <BROADCAST,MULTICAST,UP,LOWER_UP> mtu 1500 qdisc mq state UP mode DEFAULT group default qlen 1000
    link/ether 50:3e:aa:23:7a:02 brd ff:ff:ff:ff:ff:ff
    RX:  bytes packets errors dropped  missed   mcast           
      86168356   76489      0       0       0       0 
    TX:  bytes packets errors dropped carrier collsns           
        757334   13457      0      12       0       0 
--- 2026-07-04 22:55:46 ---
5: eth3: <BROADCAST,MULTICAST,UP,LOWER_UP> mtu 1500 qdisc mq state UP mode DEFAULT group default qlen 1000
    link/ether 50:3e:aa:23:7a:02 brd ff:ff:ff:ff:ff:ff
    RX:  bytes packets errors dropped  missed   mcast           
      86168402   76490      0       0       0       0 
    TX:  bytes packets errors dropped carrier collsns           
        757384   13458      0      12       0       0 
--- 2026-07-04 22:55:47 ---
5: eth3: <BROADCAST,MULTICAST,UP,LOWER_UP> mtu 1500 qdisc mq state UP mode DEFAULT group default qlen 1000
    link/ether 50:3e:aa:23:7a:02 brd ff:ff:ff:ff:ff:ff
    RX:  bytes packets errors dropped  missed   mcast           
      86168448   76491      0       0       0       0 
    TX:  bytes packets errors dropped carrier collsns           
        757434   13459      0      12       0       0 
--- 2026-07-04 22:55:48 ---
5: eth3: <BROADCAST,MULTICAST,UP,LOWER_UP> mtu 1500 qdisc mq state UP mode DEFAULT group default qlen 1000
    link/ether 50:3e:aa:23:7a:02 brd ff:ff:ff:ff:ff:ff
    RX:  bytes packets errors dropped  missed   mcast           
      86168494   76492      0       0       0       0 
    TX:  bytes packets errors dropped carrier collsns           
        757484   13460      0      12       0       0 
--- 2026-07-04 22:55:49 ---
5: eth3: <BROADCAST,MULTICAST,UP,LOWER_UP> mtu 1500 qdisc mq state UP mode DEFAULT group default qlen 1000
    link/ether 50:3e:aa:23:7a:02 brd ff:ff:ff:ff:ff:ff
    RX:  bytes packets errors dropped  missed   mcast           
      86168540   76493      0       0       0       0 
    TX:  bytes packets errors dropped carrier collsns           
        757534   13461      0      12       0       0 
--- 2026-07-04 22:55:50 ---
5: eth3: <BROADCAST,MULTICAST,UP,LOWER_UP> mtu 1500 qdisc mq state UP mode DEFAULT group default qlen 1000
    link/ether 50:3e:aa:23:7a:02 brd ff:ff:ff:ff:ff:ff
    RX:  bytes packets errors dropped  missed   mcast           
      86168586   76494      0       0       0       0 
    TX:  bytes packets errors dropped carrier collsns           
        757584   13462      0      12       0       0 
--- 2026-07-04 22:55:51 ---
5: eth3: <BROADCAST,MULTICAST,UP,LOWER_UP> mtu 1500 qdisc mq state UP mode DEFAULT group default qlen 1000
    link/ether 50:3e:aa:23:7a:02 brd ff:ff:ff:ff:ff:ff
    RX:  bytes packets errors dropped  missed   mcast           
      86168632   76495      0       0       0       0 
    TX:  bytes packets errors dropped carrier collsns           
        757634   13463      0      12       0       0 
--- 2026-07-04 22:55:52 ---
5: eth3: <BROADCAST,MULTICAST,UP,LOWER_UP> mtu 1500 qdisc mq state UP mode DEFAULT group default qlen 1000
    link/ether 50:3e:aa:23:7a:02 brd ff:ff:ff:ff:ff:ff
    RX:  bytes packets errors dropped  missed   mcast           
      86168920   76496      0       0       0       0 
    TX:  bytes packets errors dropped carrier collsns           
        757684   13464      0      12       0       0 
--- 2026-07-04 22:55:53 ---
5: eth3: <BROADCAST,MULTICAST,UP,LOWER_UP> mtu 1500 qdisc mq state UP mode DEFAULT group default qlen 1000
    link/ether 50:3e:aa:23:7a:02 brd ff:ff:ff:ff:ff:ff
    RX:  bytes packets errors dropped  missed   mcast           
      86168920   76496      0       0       0       0 
    TX:  bytes packets errors dropped carrier collsns           
        757734   13465      0      12       0       0 
--- 2026-07-04 22:55:54 ---
5: eth3: <BROADCAST,MULTICAST,UP,LOWER_UP> mtu 1500 qdisc mq state UP mode DEFAULT group default qlen 1000
    link/ether 50:3e:aa:23:7a:02 brd ff:ff:ff:ff:ff:ff
    RX:  bytes packets errors dropped  missed   mcast           
      86168920   76496      0       0       0       0 
    TX:  bytes packets errors dropped carrier collsns           
        757833   13467      0      12       0       0 
--- 2026-07-04 22:55:55 ---
5: eth3: <BROADCAST,MULTICAST,UP,LOWER_UP> mtu 1500 qdisc mq state UP mode DEFAULT group default qlen 1000
    link/ether 50:3e:aa:23:7a:02 brd ff:ff:ff:ff:ff:ff
    RX:  bytes packets errors dropped  missed   mcast           
      86169010   76498      0       0       0       0 
    TX:  bytes packets errors dropped carrier collsns           
        757883   13468      0      12       0       0 
--- 2026-07-04 22:55:56 ---
5: eth3: <BROADCAST,MULTICAST,UP,LOWER_UP> mtu 1500 qdisc mq state UP mode DEFAULT group default qlen 1000
    link/ether 50:3e:aa:23:7a:02 brd ff:ff:ff:ff:ff:ff
    RX:  bytes packets errors dropped  missed   mcast           
      86169056   76499      0       0       0       0 
    TX:  bytes packets errors dropped carrier collsns           
        757933   13469      0      12       0       0 
--- 2026-07-04 22:55:57 ---
5: eth3: <BROADCAST,MULTICAST,UP,LOWER_UP> mtu 1500 qdisc mq state UP mode DEFAULT group default qlen 1000
    link/ether 50:3e:aa:23:7a:02 brd ff:ff:ff:ff:ff:ff
    RX:  bytes packets errors dropped  missed   mcast           
      86169102   76500      0       0       0       0 
    TX:  bytes packets errors dropped carrier collsns           
        757983   13470      0      12       0       0 
--- 2026-07-04 22:55:58 ---
5: eth3: <BROADCAST,MULTICAST,UP,LOWER_UP> mtu 1500 qdisc mq state UP mode DEFAULT group default qlen 1000
    link/ether 50:3e:aa:23:7a:02 brd ff:ff:ff:ff:ff:ff
    RX:  bytes packets errors dropped  missed   mcast           
      86169148   76501      0       0       0       0 
    TX:  bytes packets errors dropped carrier collsns           
        758033   13471      0      12       0       0 
--- 2026-07-04 22:55:59 ---
5: eth3: <BROADCAST,MULTICAST,UP,LOWER_UP> mtu 1500 qdisc mq state UP mode DEFAULT group default qlen 1000
    link/ether 50:3e:aa:23:7a:02 brd ff:ff:ff:ff:ff:ff
    RX:  bytes packets errors dropped  missed   mcast           
      86169194   76502      0       0       0       0 
    TX:  bytes packets errors dropped carrier collsns           
        758083   13472      0      12       0       0 
--- 2026-07-04 22:56:02 ---
5: eth3: <BROADCAST,MULTICAST,UP,LOWER_UP> mtu 1500 qdisc mq state UP mode DEFAULT group default qlen 1000
    link/ether 50:3e:aa:23:7a:02 brd ff:ff:ff:ff:ff:ff
    RX:  bytes packets errors dropped  missed   mcast           
      86169240   76503      0       0       0       0 
    TX:  bytes packets errors dropped carrier collsns           
        758133   13473      0      12       0       0 
--- 2026-07-04 22:56:03 ---
5: eth3: <BROADCAST,MULTICAST,UP,LOWER_UP> mtu 1500 qdisc mq state UP mode DEFAULT group default qlen 1000
    link/ether 50:3e:aa:23:7a:02 brd ff:ff:ff:ff:ff:ff
    RX:  bytes packets errors dropped  missed   mcast           
      86169286   76504      0       0       0       0 
    TX:  bytes packets errors dropped carrier collsns           
        758183   13474      0      12       0       0 
--- 2026-07-04 22:56:04 ---
5: eth3: <BROADCAST,MULTICAST,UP,LOWER_UP> mtu 1500 qdisc mq state UP mode DEFAULT group default qlen 1000
    link/ether 50:3e:aa:23:7a:02 brd ff:ff:ff:ff:ff:ff
    RX:  bytes packets errors dropped  missed   mcast           
      86169332   76505      0       0       0       0 
    TX:  bytes packets errors dropped carrier collsns           
        758233   13475      0      12       0       0 
--- 2026-07-04 22:56:05 ---
5: eth3: <BROADCAST,MULTICAST,UP,LOWER_UP> mtu 1500 qdisc mq state UP mode DEFAULT group default qlen 1000
    link/ether 50:3e:aa:23:7a:02 brd ff:ff:ff:ff:ff:ff
    RX:  bytes packets errors dropped  missed   mcast           
      86169378   76506      0       0       0       0 
    TX:  bytes packets errors dropped carrier collsns           
        758283   13476      0      12       0       0 
--- 2026-07-04 22:56:06 ---
5: eth3: <BROADCAST,MULTICAST,UP,LOWER_UP> mtu 1500 qdisc mq state UP mode DEFAULT group default qlen 1000
    link/ether 50:3e:aa:23:7a:02 brd ff:ff:ff:ff:ff:ff
    RX:  bytes packets errors dropped  missed   mcast           
      86169466   76508      0       0       0       0 
    TX:  bytes packets errors dropped carrier collsns           
        758375   13478      0      12       0       0 
--- 2026-07-04 22:56:07 ---
5: eth3: <BROADCAST,MULTICAST,UP,LOWER_UP> mtu 1500 qdisc mq state UP mode DEFAULT group default qlen 1000
    link/ether 50:3e:aa:23:7a:02 brd ff:ff:ff:ff:ff:ff
    RX:  bytes packets errors dropped  missed   mcast           
      86169512   76509      0       0       0       0 
    TX:  bytes packets errors dropped carrier collsns           
        758425   13479      0      12       0       0 
--- 2026-07-04 22:56:08 ---
5: eth3: <BROADCAST,MULTICAST,UP,LOWER_UP> mtu 1500 qdisc mq state UP mode DEFAULT group default qlen 1000
    link/ether 50:3e:aa:23:7a:02 brd ff:ff:ff:ff:ff:ff
    RX:  bytes packets errors dropped  missed   mcast           
      86169558   76510      0       0       0       0 
    TX:  bytes packets errors dropped carrier collsns           
        758475   13480      0      12       0       0 
--- 2026-07-04 22:56:09 ---
5: eth3: <BROADCAST,MULTICAST,UP,LOWER_UP> mtu 1500 qdisc mq state UP mode DEFAULT group default qlen 1000
    link/ether 50:3e:aa:23:7a:02 brd ff:ff:ff:ff:ff:ff
    RX:  bytes packets errors dropped  missed   mcast           
      86169604   76511      0       0       0       0 
    TX:  bytes packets errors dropped carrier collsns           
        758525   13481      0      12       0       0 
--- 2026-07-04 22:56:10 ---
5: eth3: <BROADCAST,MULTICAST,UP,LOWER_UP> mtu 1500 qdisc mq state UP mode DEFAULT group default qlen 1000
    link/ether 50:3e:aa:23:7a:02 brd ff:ff:ff:ff:ff:ff
    RX:  bytes packets errors dropped  missed   mcast           
      86169650   76512      0       0       0       0 
    TX:  bytes packets errors dropped carrier collsns           
        758575   13482      0      12       0       0 
--- 2026-07-04 22:56:11 ---
5: eth3: <BROADCAST,MULTICAST,UP,LOWER_UP> mtu 1500 qdisc mq state UP mode DEFAULT group default qlen 1000
    link/ether 50:3e:aa:23:7a:02 brd ff:ff:ff:ff:ff:ff
    RX:  bytes packets errors dropped  missed   mcast           
      86169696   76513      0       0       0       0 
    TX:  bytes packets errors dropped carrier collsns           
        758625   13483      0      12       0       0 
--- 2026-07-04 22:56:12 ---
5: eth3: <BROADCAST,MULTICAST,UP,LOWER_UP> mtu 1500 qdisc mq state UP mode DEFAULT group default qlen 1000
    link/ether 50:3e:aa:23:7a:02 brd ff:ff:ff:ff:ff:ff
    RX:  bytes packets errors dropped  missed   mcast           
      86169742   76514      0       0       0       0 
    TX:  bytes packets errors dropped carrier collsns           
        758675   13484      0      12       0       0 
--- 2026-07-04 22:56:13 ---
5: eth3: <BROADCAST,MULTICAST,UP,LOWER_UP> mtu 1500 qdisc mq state UP mode DEFAULT group default qlen 1000
    link/ether 50:3e:aa:23:7a:02 brd ff:ff:ff:ff:ff:ff
    RX:  bytes packets errors dropped  missed   mcast           
      86169788   76515      0       0       0       0 
    TX:  bytes packets errors dropped carrier collsns           
        758725   13485      0      12       0       0 
--- 2026-07-04 22:56:14 ---
5: eth3: <BROADCAST,MULTICAST,UP,LOWER_UP> mtu 1500 qdisc mq state UP mode DEFAULT group default qlen 1000
    link/ether 50:3e:aa:23:7a:02 brd ff:ff:ff:ff:ff:ff
    RX:  bytes packets errors dropped  missed   mcast           
      86169834   76516      0       0       0       0 
    TX:  bytes packets errors dropped carrier collsns           
        758775   13486      0      12       0       0 
--- 2026-07-04 22:56:15 ---
5: eth3: <BROADCAST,MULTICAST,UP,LOWER_UP> mtu 1500 qdisc mq state UP mode DEFAULT group default qlen 1000
    link/ether 50:3e:aa:23:7a:02 brd ff:ff:ff:ff:ff:ff
    RX:  bytes packets errors dropped  missed   mcast           
      86169880   76517      0       0       0       0 
    TX:  bytes packets errors dropped carrier collsns           
        758825   13487      0      12       0       0 
--- 2026-07-04 22:56:16 ---
5: eth3: <BROADCAST,MULTICAST,UP,LOWER_UP> mtu 1500 qdisc mq state UP mode DEFAULT group default qlen 1000
    link/ether 50:3e:aa:23:7a:02 brd ff:ff:ff:ff:ff:ff
    RX:  bytes packets errors dropped  missed   mcast           
      86169926   76518      0       0       0       0 
    TX:  bytes packets errors dropped carrier collsns           
        758875   13488      0      12       0       0 
--- 2026-07-04 22:56:17 ---
5: eth3: <BROADCAST,MULTICAST,UP,LOWER_UP> mtu 1500 qdisc mq state UP mode DEFAULT group default qlen 1000
    link/ether 50:3e:aa:23:7a:02 brd ff:ff:ff:ff:ff:ff
    RX:  bytes packets errors dropped  missed   mcast           
      86169972   76519      0       0       0       0 
    TX:  bytes packets errors dropped carrier collsns           
        758925   13489      0      12       0       0 
--- 2026-07-04 22:56:18 ---
5: eth3: <BROADCAST,MULTICAST,UP,LOWER_UP> mtu 1500 qdisc mq state UP mode DEFAULT group default qlen 1000
    link/ether 50:3e:aa:23:7a:02 brd ff:ff:ff:ff:ff:ff
    RX:  bytes packets errors dropped  missed   mcast           
      86170018   76520      0       0       0       0 
    TX:  bytes packets errors dropped carrier collsns           
        758975   13490      0      12       0       0 
--- 2026-07-04 22:56:19 ---
5: eth3: <BROADCAST,MULTICAST,UP,LOWER_UP> mtu 1500 qdisc mq state UP mode DEFAULT group default qlen 1000
    link/ether 50:3e:aa:23:7a:02 brd ff:ff:ff:ff:ff:ff
    RX:  bytes packets errors dropped  missed   mcast           
      86170064   76521      0       0       0       0 
    TX:  bytes packets errors dropped carrier collsns           
        759025   13491      0      12       0       0 
--- 2026-07-04 22:56:20 ---
5: eth3: <BROADCAST,MULTICAST,UP,LOWER_UP> mtu 1500 qdisc mq state UP mode DEFAULT group default qlen 1000
    link/ether 50:3e:aa:23:7a:02 brd ff:ff:ff:ff:ff:ff
    RX:  bytes packets errors dropped  missed   mcast           
      86170110   76522      0       0       0       0 
    TX:  bytes packets errors dropped carrier collsns           
        759075   13492      0      12       0       0 
--- 2026-07-04 22:56:21 ---
5: eth3: <BROADCAST,MULTICAST,UP,LOWER_UP> mtu 1500 qdisc mq state UP mode DEFAULT group default qlen 1000
    link/ether 50:3e:aa:23:7a:02 brd ff:ff:ff:ff:ff:ff
    RX:  bytes packets errors dropped  missed   mcast           
      86170156   76523      0       0       0       0 
    TX:  bytes packets errors dropped carrier collsns           
        759125   13493      0      12       0       0 
--- 2026-07-04 22:56:22 ---
5: eth3: <BROADCAST,MULTICAST,UP,LOWER_UP> mtu 1500 qdisc mq state UP mode DEFAULT group default qlen 1000
    link/ether 50:3e:aa:23:7a:02 brd ff:ff:ff:ff:ff:ff
    RX:  bytes packets errors dropped  missed   mcast           
      86170202   76524      0       0       0       0 
    TX:  bytes packets errors dropped carrier collsns           
        759175   13494      0      12       0       0 
--- 2026-07-04 22:56:23 ---
5: eth3: <BROADCAST,MULTICAST,UP,LOWER_UP> mtu 1500 qdisc mq state UP mode DEFAULT group default qlen 1000
    link/ether 50:3e:aa:23:7a:02 brd ff:ff:ff:ff:ff:ff
    RX:  bytes packets errors dropped  missed   mcast           
      86170248   76525      0       0       0       0 
    TX:  bytes packets errors dropped carrier collsns           
        759225   13495      0      12       0       0 
--- 2026-07-04 22:56:24 ---
5: eth3: <BROADCAST,MULTICAST,UP,LOWER_UP> mtu 1500 qdisc mq state UP mode DEFAULT group default qlen 1000
    link/ether 50:3e:aa:23:7a:02 brd ff:ff:ff:ff:ff:ff
    RX:  bytes packets errors dropped  missed   mcast           
      86170294   76526      0       0       0       0 
    TX:  bytes packets errors dropped carrier collsns           
        759275   13496      0      12       0       0 
--- 2026-07-04 22:56:25 ---
5: eth3: <BROADCAST,MULTICAST,UP,LOWER_UP> mtu 1500 qdisc mq state UP mode DEFAULT group default qlen 1000
    link/ether 50:3e:aa:23:7a:02 brd ff:ff:ff:ff:ff:ff
    RX:  bytes packets errors dropped  missed   mcast           
      86170340   76527      0       0       0       0 
    TX:  bytes packets errors dropped carrier collsns           
        759325   13497      0      12       0       0 
--- 2026-07-04 22:56:26 ---
5: eth3: <BROADCAST,MULTICAST,UP,LOWER_UP> mtu 1500 qdisc mq state UP mode DEFAULT group default qlen 1000
    link/ether 50:3e:aa:23:7a:02 brd ff:ff:ff:ff:ff:ff
    RX:  bytes packets errors dropped  missed   mcast           
      86170386   76528      0       0       0       0 
    TX:  bytes packets errors dropped carrier collsns           
        759375   13498      0      12       0       0 
--- 2026-07-04 22:56:27 ---
5: eth3: <BROADCAST,MULTICAST,UP,LOWER_UP> mtu 1500 qdisc mq state UP mode DEFAULT group default qlen 1000
    link/ether 50:3e:aa:23:7a:02 brd ff:ff:ff:ff:ff:ff
    RX:  bytes packets errors dropped  missed   mcast           
      86170474   76530      0       0       0       0 
    TX:  bytes packets errors dropped carrier collsns           
        759467   13500      0      12       0       0 
--- 2026-07-04 22:56:28 ---
5: eth3: <BROADCAST,MULTICAST,UP,LOWER_UP> mtu 1500 qdisc mq state UP mode DEFAULT group default qlen 1000
    link/ether 50:3e:aa:23:7a:02 brd ff:ff:ff:ff:ff:ff
    RX:  bytes packets errors dropped  missed   mcast           
      86170520   76531      0       0       0       0 
    TX:  bytes packets errors dropped carrier collsns           
        759517   13501      0      12       0       0 
--- 2026-07-04 22:56:29 ---
5: eth3: <BROADCAST,MULTICAST,UP,LOWER_UP> mtu 1500 qdisc mq state UP mode DEFAULT group default qlen 1000
    link/ether 50:3e:aa:23:7a:02 brd ff:ff:ff:ff:ff:ff
    RX:  bytes packets errors dropped  missed   mcast           
      86170566   76532      0       0       0       0 
    TX:  bytes packets errors dropped carrier collsns           
        759567   13502      0      12       0       0 
--- 2026-07-04 22:56:30 ---
5: eth3: <BROADCAST,MULTICAST,UP,LOWER_UP> mtu 1500 qdisc mq state UP mode DEFAULT group default qlen 1000
    link/ether 50:3e:aa:23:7a:02 brd ff:ff:ff:ff:ff:ff
    RX:  bytes packets errors dropped  missed   mcast           
      86170612   76533      0       0       0       0 
    TX:  bytes packets errors dropped carrier collsns           
        759617   13503      0      12       0       0 
--- 2026-07-04 22:56:31 ---
5: eth3: <BROADCAST,MULTICAST,UP,LOWER_UP> mtu 1500 qdisc mq state UP mode DEFAULT group default qlen 1000
    link/ether 50:3e:aa:23:7a:02 brd ff:ff:ff:ff:ff:ff
    RX:  bytes packets errors dropped  missed   mcast           
      86170658   76534      0       0       0       0 
    TX:  bytes packets errors dropped carrier collsns           
        759667   13504      0      12       0       0 
--- 2026-07-04 22:56:32 ---
5: eth3: <BROADCAST,MULTICAST,UP,LOWER_UP> mtu 1500 qdisc mq state UP mode DEFAULT group default qlen 1000
    link/ether 50:3e:aa:23:7a:02 brd ff:ff:ff:ff:ff:ff
    RX:  bytes packets errors dropped  missed   mcast           
      86170704   76535      0       0       0       0 
    TX:  bytes packets errors dropped carrier collsns           
        759717   13505      0      12       0       0 
--- 2026-07-04 22:56:33 ---
5: eth3: <BROADCAST,MULTICAST,UP,LOWER_UP> mtu 1500 qdisc mq state UP mode DEFAULT group default qlen 1000
    link/ether 50:3e:aa:23:7a:02 brd ff:ff:ff:ff:ff:ff
    RX:  bytes packets errors dropped  missed   mcast           
      86170750   76536      0       0       0       0 
    TX:  bytes packets errors dropped carrier collsns           
        759767   13506      0      12       0       0 
--- 2026-07-04 22:56:37 ---
5: eth3: <BROADCAST,MULTICAST,UP,LOWER_UP> mtu 1500 qdisc mq state UP mode DEFAULT group default qlen 1000
    link/ether 50:3e:aa:23:7a:02 brd ff:ff:ff:ff:ff:ff
    RX:  bytes packets errors dropped  missed   mcast           
      86170796   76537      0       0       0       0 
    TX:  bytes packets errors dropped carrier collsns           
        759817   13507      0      12       0       0 
--- 2026-07-04 22:56:38 ---
5: eth3: <BROADCAST,MULTICAST,UP,LOWER_UP> mtu 1500 qdisc mq state UP mode DEFAULT group default qlen 1000
    link/ether 50:3e:aa:23:7a:02 brd ff:ff:ff:ff:ff:ff
    RX:  bytes packets errors dropped  missed   mcast           
      86170842   76538      0       0       0       0 
    TX:  bytes packets errors dropped carrier collsns           
        759867   13508      0      12       0       0 
--- 2026-07-04 22:56:39 ---
5: eth3: <BROADCAST,MULTICAST,UP,LOWER_UP> mtu 1500 qdisc mq state UP mode DEFAULT group default qlen 1000
    link/ether 50:3e:aa:23:7a:02 brd ff:ff:ff:ff:ff:ff
    RX:  bytes packets errors dropped  missed   mcast           
      86170888   76539      0       0       0       0 
    TX:  bytes packets errors dropped carrier collsns           
        759917   13509      0      12       0       0 
--- 2026-07-04 22:56:40 ---
5: eth3: <BROADCAST,MULTICAST,UP,LOWER_UP> mtu 1500 qdisc mq state UP mode DEFAULT group default qlen 1000
    link/ether 50:3e:aa:23:7a:02 brd ff:ff:ff:ff:ff:ff
    RX:  bytes packets errors dropped  missed   mcast           
      86170934   76540      0       0       0       0 
    TX:  bytes packets errors dropped carrier collsns           
        759967   13510      0      12       0       0 
--- 2026-07-04 22:56:41 ---
5: eth3: <BROADCAST,MULTICAST,UP,LOWER_UP> mtu 1500 qdisc mq state UP mode DEFAULT group default qlen 1000
    link/ether 50:3e:aa:23:7a:02 brd ff:ff:ff:ff:ff:ff
    RX:  bytes packets errors dropped  missed   mcast           
      86170980   76541      0       0       0       0 
    TX:  bytes packets errors dropped carrier collsns           
        760017   13511      0      12       0       0 
--- 2026-07-04 22:56:42 ---
5: eth3: <BROADCAST,MULTICAST,UP,LOWER_UP> mtu 1500 qdisc mq state UP mode DEFAULT group default qlen 1000
    link/ether 50:3e:aa:23:7a:02 brd ff:ff:ff:ff:ff:ff
    RX:  bytes packets errors dropped  missed   mcast           
      86171026   76542      0       0       0       0 
    TX:  bytes packets errors dropped carrier collsns           
        760067   13512      0      12       0       0 
--- 2026-07-04 22:56:43 ---
5: eth3: <BROADCAST,MULTICAST,UP,LOWER_UP> mtu 1500 qdisc mq state UP mode DEFAULT group default qlen 1000
    link/ether 50:3e:aa:23:7a:02 brd ff:ff:ff:ff:ff:ff
    RX:  bytes packets errors dropped  missed   mcast           
      86171072   76543      0       0       0       0 
    TX:  bytes packets errors dropped carrier collsns           
        760117   13513      0      12       0       0 
--- 2026-07-04 22:56:44 ---
5: eth3: <BROADCAST,MULTICAST,UP,LOWER_UP> mtu 1500 qdisc mq state UP mode DEFAULT group default qlen 1000
    link/ether 50:3e:aa:23:7a:02 brd ff:ff:ff:ff:ff:ff
    RX:  bytes packets errors dropped  missed   mcast           
      86171118   76544      0       0       0       0 
    TX:  bytes packets errors dropped carrier collsns           
        760167   13514      0      12       0       0 
--- 2026-07-04 22:56:45 ---
5: eth3: <BROADCAST,MULTICAST,UP,LOWER_UP> mtu 1500 qdisc mq state UP mode DEFAULT group default qlen 1000
    link/ether 50:3e:aa:23:7a:02 brd ff:ff:ff:ff:ff:ff
    RX:  bytes packets errors dropped  missed   mcast           
      86171164   76545      0       0       0       0 
    TX:  bytes packets errors dropped carrier collsns           
        760217   13515      0      12       0       0 
--- 2026-07-04 22:56:46 ---
5: eth3: <BROADCAST,MULTICAST,UP,LOWER_UP> mtu 1500 qdisc mq state UP mode DEFAULT group default qlen 1000
    link/ether 50:3e:aa:23:7a:02 brd ff:ff:ff:ff:ff:ff
    RX:  bytes packets errors dropped  missed   mcast           
      86171210   76546      0       0       0       0 
    TX:  bytes packets errors dropped carrier collsns           
        760267   13516      0      12       0       0 
--- 2026-07-04 22:56:47 ---
5: eth3: <BROADCAST,MULTICAST,UP,LOWER_UP> mtu 1500 qdisc mq state UP mode DEFAULT group default qlen 1000
    link/ether 50:3e:aa:23:7a:02 brd ff:ff:ff:ff:ff:ff
    RX:  bytes packets errors dropped  missed   mcast           
      86171256   76547      0       0       0       0 
    TX:  bytes packets errors dropped carrier collsns           
        760317   13517      0      12       0       0 
--- 2026-07-04 22:56:48 ---
5: eth3: <BROADCAST,MULTICAST,UP,LOWER_UP> mtu 1500 qdisc mq state UP mode DEFAULT group default qlen 1000
    link/ether 50:3e:aa:23:7a:02 brd ff:ff:ff:ff:ff:ff
    RX:  bytes packets errors dropped  missed   mcast           
      86171302   76548      0       0       0       0 
    TX:  bytes packets errors dropped carrier collsns           
        760367   13518      0      12       0       0 
--- 2026-07-04 22:56:49 ---
5: eth3: <BROADCAST,MULTICAST,UP,LOWER_UP> mtu 1500 qdisc mq state UP mode DEFAULT group default qlen 1000
    link/ether 50:3e:aa:23:7a:02 brd ff:ff:ff:ff:ff:ff
    RX:  bytes packets errors dropped  missed   mcast           
      86171348   76549      0       0       0       0 
    TX:  bytes packets errors dropped carrier collsns           
        760417   13519      0      12       0       0 
--- 2026-07-04 22:56:50 ---
5: eth3: <BROADCAST,MULTICAST,UP,LOWER_UP> mtu 1500 qdisc mq state UP mode DEFAULT group default qlen 1000
    link/ether 50:3e:aa:23:7a:02 brd ff:ff:ff:ff:ff:ff
    RX:  bytes packets errors dropped  missed   mcast           
      86171394   76550      0       0       0       0 
    TX:  bytes packets errors dropped carrier collsns           
        760467   13520      0      12       0       0 
--- 2026-07-04 22:56:51 ---
5: eth3: <BROADCAST,MULTICAST,UP,LOWER_UP> mtu 1500 qdisc mq state UP mode DEFAULT group default qlen 1000
    link/ether 50:3e:aa:23:7a:02 brd ff:ff:ff:ff:ff:ff
    RX:  bytes packets errors dropped  missed   mcast           
      86171482   76552      0       0       0       0 
    TX:  bytes packets errors dropped carrier collsns           
        760559   13522      0      12       0       0 
--- 2026-07-04 22:56:52 ---
5: eth3: <BROADCAST,MULTICAST,UP,LOWER_UP> mtu 1500 qdisc mq state UP mode DEFAULT group default qlen 1000
    link/ether 50:3e:aa:23:7a:02 brd ff:ff:ff:ff:ff:ff
    RX:  bytes packets errors dropped  missed   mcast           
      86171528   76553      0       0       0       0 
    TX:  bytes packets errors dropped carrier collsns           
        760609   13523      0      12       0       0 
--- 2026-07-04 22:56:53 ---
5: eth3: <BROADCAST,MULTICAST,UP,LOWER_UP> mtu 1500 qdisc mq state UP mode DEFAULT group default qlen 1000
    link/ether 50:3e:aa:23:7a:02 brd ff:ff:ff:ff:ff:ff
    RX:  bytes packets errors dropped  missed   mcast           
      86171574   76554      0       0       0       0 
    TX:  bytes packets errors dropped carrier collsns           
        760659   13524      0      12       0       0 
--- 2026-07-04 22:56:54 ---
5: eth3: <BROADCAST,MULTICAST,UP,LOWER_UP> mtu 1500 qdisc mq state UP mode DEFAULT group default qlen 1000
    link/ether 50:3e:aa:23:7a:02 brd ff:ff:ff:ff:ff:ff
    RX:  bytes packets errors dropped  missed   mcast           
      86171620   76555      0       0       0       0 
    TX:  bytes packets errors dropped carrier collsns           
        760709   13525      0      12       0       0 
--- 2026-07-04 22:56:55 ---
5: eth3: <BROADCAST,MULTICAST,UP,LOWER_UP> mtu 1500 qdisc mq state UP mode DEFAULT group default qlen 1000
    link/ether 50:3e:aa:23:7a:02 brd ff:ff:ff:ff:ff:ff
    RX:  bytes packets errors dropped  missed   mcast           
      86171666   76556      0       0       0       0 
    TX:  bytes packets errors dropped carrier collsns           
        760759   13526      0      12       0       0 
--- 2026-07-04 22:56:56 ---
5: eth3: <BROADCAST,MULTICAST,UP,LOWER_UP> mtu 1500 qdisc mq state UP mode DEFAULT group default qlen 1000
    link/ether 50:3e:aa:23:7a:02 brd ff:ff:ff:ff:ff:ff
    RX:  bytes packets errors dropped  missed   mcast           
      86172000   76558      0       0       0       0 
    TX:  bytes packets errors dropped carrier collsns           
        760809   13527      0      12       0       0 
--- 2026-07-04 22:56:57 ---
5: eth3: <BROADCAST,MULTICAST,UP,LOWER_UP> mtu 1500 qdisc mq state UP mode DEFAULT group default qlen 1000
    link/ether 50:3e:aa:23:7a:02 brd ff:ff:ff:ff:ff:ff
    RX:  bytes packets errors dropped  missed   mcast           
      86172000   76558      0       0       0       0 
    TX:  bytes packets errors dropped carrier collsns           
        760859   13528      0      12       0       0 
--- 2026-07-04 22:56:58 ---
5: eth3: <BROADCAST,MULTICAST,UP,LOWER_UP> mtu 1500 qdisc mq state UP mode DEFAULT group default qlen 1000
    link/ether 50:3e:aa:23:7a:02 brd ff:ff:ff:ff:ff:ff
    RX:  bytes packets errors dropped  missed   mcast           
      86172000   76558      0       0       0       0 
    TX:  bytes packets errors dropped carrier collsns           
        760909   13529      0      12       0       0 
--- 2026-07-04 22:56:59 ---
5: eth3: <BROADCAST,MULTICAST,UP,LOWER_UP> mtu 1500 qdisc mq state UP mode DEFAULT group default qlen 1000
    link/ether 50:3e:aa:23:7a:02 brd ff:ff:ff:ff:ff:ff
    RX:  bytes packets errors dropped  missed   mcast           
      86172090   76560      0       0       0       0 
    TX:  bytes packets errors dropped carrier collsns           
        761058   13532      0      12       0       0 
--- 2026-07-04 22:57:00 ---
5: eth3: <BROADCAST,MULTICAST,UP,LOWER_UP> mtu 1500 qdisc mq state UP mode DEFAULT group default qlen 1000
    link/ether 50:3e:aa:23:7a:02 brd ff:ff:ff:ff:ff:ff
    RX:  bytes packets errors dropped  missed   mcast           
      86172090   76560      0       0       0       0 
    TX:  bytes packets errors dropped carrier collsns           
        761058   13532      0      12       0       0 
--- 2026-07-04 22:57:01 ---
5: eth3: <BROADCAST,MULTICAST,UP,LOWER_UP> mtu 1500 qdisc mq state UP mode DEFAULT group default qlen 1000
    link/ether 50:3e:aa:23:7a:02 brd ff:ff:ff:ff:ff:ff
    RX:  bytes packets errors dropped  missed   mcast           
      86172090   76560      0       0       0       0 
    TX:  bytes packets errors dropped carrier collsns           
        761058   13532      0      12       0       0 
--- 2026-07-04 22:57:02 ---
5: eth3: <BROADCAST,MULTICAST,UP,LOWER_UP> mtu 1500 qdisc mq state UP mode DEFAULT group default qlen 1000
    link/ether 50:3e:aa:23:7a:02 brd ff:ff:ff:ff:ff:ff
    RX:  bytes packets errors dropped  missed   mcast           
      86172090   76560      0       0       0       0 
    TX:  bytes packets errors dropped carrier collsns           
        761058   13532      0      12       0       0 
--- 2026-07-04 22:57:03 ---
5: eth3: <BROADCAST,MULTICAST,UP,LOWER_UP> mtu 1500 qdisc mq state UP mode DEFAULT group default qlen 1000
    link/ether 50:3e:aa:23:7a:02 brd ff:ff:ff:ff:ff:ff
    RX:  bytes packets errors dropped  missed   mcast           
      86172132   76561      0       0       0       0 
    TX:  bytes packets errors dropped carrier collsns           
        761058   13532      0      12       0       0 
--- 2026-07-04 22:57:04 ---
5: eth3: <BROADCAST,MULTICAST,UP,LOWER_UP> mtu 1500 qdisc mq state UP mode DEFAULT group default qlen 1000
    link/ether 50:3e:aa:23:7a:02 brd ff:ff:ff:ff:ff:ff
    RX:  bytes packets errors dropped  missed   mcast           
      86172132   76561      0       0       0       0 
    TX:  bytes packets errors dropped carrier collsns           
        761058   13532      0      12       0       0 
